{"u_token":"EyR9Z39rz0Xc9HTwdNAo5dU9ykgq7HDW","part_number":"TPIS 1S 1385","manufacturer":"Excelitas Technologies","mode":"place-part","plugin":".snap","source":"https://www.snapeda.com"}